#<struct Nubank::Refund::Status
 payment_id="10eaac4f-5cb2-4552-b84d-a7d47491b9c8",
 refund_id="96f920cd-025e-4b54-a8fc-009d6816e1c3",
 refund_transaction_id="076f0c93-a53b-44f5-b696-5cb7bdd3a1a9",
 status=:REFUNDING,
 due_time=2022-12-06 02:59:59 UTC>
