#<struct Nubank::Payment::Status
 payment_id="94baa2fa-92fd-4e6e-8ad0-48b9d3d916f5",
 reference_id="08961c8b-18db-40ab-8337-434767df7b69",
 status=:WAITING_PAYMENT_METHOD,
 value=12.34,
 currency=:BRL,
 timestamp="2022-11-27T00:01:11.951Z">
